ets Jul 29 2019 12:21:46

rst:0x1 (POWERON_RESET),boot:0x13 (SPI_FAST_FLASH_BOOT)
configsip: 0, SPIWP:0xee
clk_drv:0x00,q_drv:0x00,d_drv:0x00,cs0_drv:0x00,hd_drv:0x00,wp_drv:0x00
mode:DIO, clock div:2
load:0x3fff0030,len:7116
ho 0 tail 12 room 4
load:0x40078000,len:15616
load:0x40080400,len:4
load:0x40080404,len:3876
entry 0x4008064c
[0;32mI (31) boot: ESP-IDF v5.1.3-dirty 2nd stage bootloader[0m
[0;32mI (31) boot: compile time Jun 15 2024 15:43:22[0m
[0;32mI (31) boot: Multicore bootloader[0m
[0;32mI (36) boot: chip revision: v3.1[0m
[0;32mI (40) boot.esp32: SPI Speed      : 40MHz[0m
[0;32mI (44) boot.esp32: SPI Mode       : DIO[0m
[0;32mI (49) boot.esp32: SPI Flash Size : 2MB[0m
[0;32mI (53) boot: Enabling RNG early entropy source...[0m
[0;32mI (59) boot: Partition Table:[0m
[0;32mI (62) boot: ## Label            Usage          Type ST Offset   Length[0m
[0;32mI (70) boot:  0 nvs              WiFi data        01 02 00009000 00006000[0m
[0;32mI (77) boot:  1 phy_init         RF data          01 01 0000f000 00001000[0m
[0;32mI (85) boot:  2 factory          factory app      00 00 00010000 00100000[0m
[0;32mI (92) boot: End of partition table[0m
[0;32mI (96) esp_image: segment 0: paddr=00010020 vaddr=3f400020 size=09c88h ( 40072) map[0m
[0;32mI (119) esp_image: segment 1: paddr=00019cb0 vaddr=3ffb0000 size=02178h (  8568) load[0m
[0;32mI (123) esp_image: segment 2: paddr=0001be30 vaddr=40080000 size=041e8h ( 16872) load[0m
[0;32mI (132) esp_image: segment 3: paddr=00020020 vaddr=400d0020 size=14c3ch ( 85052) map[0m
[0;32mI (164) esp_image: segment 4: paddr=00034c64 vaddr=400841e8 size=08070h ( 32880) load[0m
[0;32mI (184) boot: Loaded app from partition at offset 0x10000[0m
[0;32mI (184) boot: Disabling RNG early entropy source...[0m
[0;32mI (196) cpu_start: Multicore app[0m
[0;32mI (196) cpu_start: Pro cpu up.[0m
[0;32mI (196) cpu_start: Starting app cpu, entry point is 0x40081100[0m
[0;32mI (0) cpu_start: App cpu up.[0m
[0;32mI (214) cpu_start: Pro cpu start user code[0m
[0;32mI (214) cpu_start: cpu freq: 160000000 Hz[0m
[0;32mI (214) cpu_start: Application information:[0m
[0;32mI (219) cpu_start: Project name:     rotary_encoder[0m
[0;32mI (225) cpu_start: App version:      1[0m
[0;32mI (229) cpu_start: Compile time:     Jun 15 2024 15:42:42[0m
[0;32mI (235) cpu_start: ELF file SHA256:  b68313a3488e0e77...[0m
[0;32mI (241) cpu_start: ESP-IDF:          v5.1.3-dirty[0m
[0;32mI (246) cpu_start: Min chip rev:     v0.0[0m
[0;32mI (251) cpu_start: Max chip rev:     v3.99 [0m
[0;32mI (256) cpu_start: Chip rev:         v3.1[0m
[0;32mI (261) heap_init: Initializing. RAM available for dynamic allocation:[0m
[0;32mI (268) heap_init: At 3FFAE6E0 len 00001920 (6 KiB): DRAM[0m
[0;32mI (274) heap_init: At 3FFB29F0 len 0002D610 (181 KiB): DRAM[0m
[0;32mI (280) heap_init: At 3FFE0440 len 00003AE0 (14 KiB): D/IRAM[0m
[0;32mI (287) heap_init: At 3FFE4350 len 0001BCB0 (111 KiB): D/IRAM[0m
[0;32mI (293) heap_init: At 4008C258 len 00013DA8 (79 KiB): IRAM[0m
[0;32mI (301) spi_flash: detected chip: generic[0m
[0;32mI (304) spi_flash: flash io: dio[0m
[0;33mW (308) spi_flash: Detected size(4096k) larger than the size in the binary image header(2048k). Using the size in the binary image header.[0m
[0;32mI (321) app_start: Starting scheduler on CPU0[0m
[0;32mI (326) app_start: Starting scheduler on CPU1[0m
[0;32mI (326) main_task: Started on CPU0[0m
[0;32mI (336) main_task: Calling app_main()[0m
[0;32mI (336) gpio: GPIO[18]| InputEn: 1| OutputEn: 0| OpenDrain: 0| Pullup: 1| Pulldown: 0| Intr:3 [0m
[0;32mI (346) gpio: GPIO[19]| InputEn: 1| OutputEn: 0| OpenDrain: 0| Pullup: 1| Pulldown: 0| Intr:3 [0m
Encoder count: 0
Encoder count: 0
Encoder count: 0
Encoder count: -1
Encoder count: -1
Encoder count: -1
Encoder count: -1
Encoder count: 0
Encoder count: 1
Encoder count: 2
Encoder count: 4
ï¿½ï¿½ï¿½ï¿½ï¿½ï¿½ï¿½ï¿½ï¿½ï¿½ï¿½ï¿½ï¿½ï¿½ï¿½ï¿½ï¿½ï¿½ï¿½ï¿½ï¿½ï¿½ï¿½ï¿½ï¿½ï¿½ï¿½ï¿½ï¿½ï¿½ï¿½ï¿½ï¿½ï¿½ï¿½ï¿½ï¿½ï¿½ï¿½ï¿½ï¿½ï¿½ï¿½ï¿½ï¿½ï¿½ï¿½ï¿½ï¿½ï¿½ï¿½ï¿½ï¿½ï¿½ï¿½ï¿½ï¿½ï¿½ï¿½ï¿½ï¿½ï¿½ï¿½ï¿½oder count: 3
Encoder count: 4
Encoder count: 5
Encoder count: 5
Encoder count: 6
Encoder count: 7
Encoder count: 7
Encoder count: 7
Encoder count: 8
Encoder count: 9
Encoder count: 9
Encoder count: 10
Encoder count: 11
Encoder count: 12
Encoder count: 13
Encoder count: 13
Encoder count: 14
Encoder count: 16
Encoder count: 17
Encoder count: 17
Encoder count: 18
Encoder count: 19
Encoder count: 20
Encoder count: 21
Encoder count: 22
Encoder count: 23
Encoder count: 23
Encoder count: 24
Encoder count: 25
Encoder count: 26
Encoder count: 28
Encoder count: 28
Encoder count: 28
Encoder count: 28
Encoder count: 28
Encoder count: 28
Encoder count: 28
Encoder count: 28
Encoder count: 28
Encoder count: 28
Encoder count: 28
Encoder count: 28
Encoder count: 28
Encoder count: 28
Encoder count: 28
Encoder count: 28
Encoder count: 28
Encoder count: 28
Encoder count: 28
Encoder count: 28
Encoder count: 28
Encoder count: 28
Encoder count: 28
Encoder count: 28
Encoder count: 28
Encoder count: 28
Encoder count: 28
Encoder count: 28
Encoder count: 28
Encoder count: 28
Encoder count: 28
Encoder count: 28
Encoder count: 28
Encoder count: 28
Encoder count: 28
Encoder count: 28
Encoder count: 28
Encoder count: 28
Encoder count: 28
Encoder count: 28
Encoder count: 28
Encoder count: 28
Encoder count: 28
Encoder count: 28
Encoder count: 28
Encoder count: 28
Encoder count: 28
Encoder count: 28
Encoder count: 28
Encoder count: 28
Encoder count: 28
Encoder count: 28
Encoder count: 28
Encoder count: 28
Encoder count: 28
Encoder count: 28
Encoder count: 28
Encoder count: 28
Encoder count: 28
Encoder count: 28
Encoder count: 28
Encoder count: 28
Encoder count: 28
Encoder count: 28
Encoder count: 28
ï¿½ï¿½ï¿½ï¿½ï¿½ï¿½ï¿½ï¿½ï¿½ï¿½ï¿½ï¿½ï¿½ï¿½ï¿½ï¿½ï¿½ï¿½ï¿½ï¿½ï¿½ï¿½ï¿½ï¿½ï¿½ï¿½ï¿½ï¿½ï¿½ï¿½ï¿½ï¿½ï¿½ï¿½ï¿½ï¿½ï¿½ï¿½ï¿½ï¿½ï¿½ï¿½ï¿½ï¿½ï¿½ï¿½ï¿½ï¿½ï¿½ï¿½ï¿½ï¿½ï¿½ï¿½ï¿½ï¿½ï¿½ï¿½ï¿½ï¿½ï¿½ï¿½ï¿½ï¿½ncoder count: 28
Encoder count: 28
Encoder count: 28
Encoder count: 28
Encoder count: 28
Encoder count: 28
Encoder count: 28
Encoder count: 28
Encoder count: 28
Encoder count: 28
Encoder count: 28
Encoder count: 28
Encoder count: 28
Encoder count: 28
Encoder count: 28
Encoder count: 28
Encoder count: 28
Encoder count: 28
Encoder count: 28
Encoder count: 28
Encoder count: 28
Encoder count: 28
Encoder count: 28
Encoder count: 28
ï¿½ï¿½ï¿½ï¿½ï¿½ï¿½ï¿½ï¿½ï¿½ï¿½ï¿½ï¿½ï¿½ï¿½ï¿½ï¿½ï¿½ï¿½ï¿½ï¿½ï¿½ï¿½ï¿½ï¿½ï¿½ï¿½ï¿½ï¿½ï¿½ï¿½ï¿½ï¿½ï¿½ï¿½ï¿½ï¿½ï¿½ï¿½ï¿½ï¿½ï¿½ï¿½ï¿½ï¿½ï¿½ï¿½ï¿½ï¿½ï¿½ï¿½ï¿½ï¿½ï¿½ï¿½ï¿½ï¿½ï¿½ï¿½ï¿½ï¿½ï¿½ï¿½ï¿½ï¿½coder count: 28
Encoder count: 28
Encoder count: 28
Encoder count: 28
Encoder count: 28
